// Jest Snapshot v1, https://goo.gl/fbAQLP

exports[`< Dashboard /> renders correctly 1`] = `
Array [
  <div
    className="container-fluid sticky-top navbar-light bg-light padding-top-bottom-10"
  >
    <div
      className="row"
    >
      <div
        className="col-md-3 col-sm-1"
      />
      <div
        className="col-md-6 col-sm-9"
      >
        <input
          className="form-control"
          id="inputSearch"
          onChange={[Function]}
          placeholder="Search planets!"
          type="text"
          value=""
        />
      </div>
      <div
        className="col-md-3 col-sm-2 text-right"
      >
        <span
          className="user-dashboard"
        >
          Hi! 
        </span>
        <button
          className="btn btn-outline-success float-right"
          onClick={[Function]}
          type="button"
        >
          Logout
        </button>
      </div>
    </div>
  </div>,
  <div
    className="container-flid"
  >
    <div
      className="row"
    >
      <div
        className="col-md-7 text-center"
      >
        <div
          className="hide-overflow planet-list-outer"
        >
          <div>
            No planets
          </div>
          
        </div>
      </div>
      <div
        className="col-md-5 outer-div text-center"
      >
        
      </div>
    </div>
  </div>,
]
`;
